Gazebo multi-robot simulator, version 11.10.2
Copyright (C) 2012 Open Source Robotics Foundation.
Released under the Apache 2 License.
http://gazebosim.org

[1;33m[Wrn] [gazebo_ros_init.cpp:178] [0m[1;33m
#     # ####### ####### ###  #####  #######
##    # #     #    #     #  #     # #
# #   # #     #    #     #  #       #
#  #  # #     #    #     #  #       #####
#   # # #     #    #     #  #       #
#    ## #     #    #     #  #     # #
#     # #######    #    ###  #####  #######

This version of Gazebo, now called Gazebo classic, reaches end-of-life
in January 2025. Users are highly encouraged to migrate to the new Gazebo
using our migration guides (https://gazebosim.org/docs/latest/gazebo_classic_migration?utm_source=gazebo_ros_pkgs&utm_medium=cli)

[0m[1;33m
[0m[1;33m[0m[1;33m[0m[1;32m[Msg] [0m[1;32mWaiting for master.[0m[1;32m
[0m[1;32m[0m[1;32m[0m[1;32m[Msg] [0m[1;32mConnected to gazebo master @ [0m[1;32mhttp://127.0.0.1:11345[0m[1;32m
[0m[1;32m[0m[1;32m[0m[1;32m[Msg] [0m[1;32mPublicized address: [0m[1;32m192.168.243.130[0m[1;32m
[0m[1;32m[0m[1;32m[0m[1;31m[Err] [RenderEngine.cc:749] [0m[1;31mCan't open display: [0m[1;31m[0m[1;31m
[0m[1;33m[Wrn] [RenderEngine.cc:89] [0m[1;33mUnable to create X window. Rendering will be disabled
[0m[1;33m[Wrn] [RenderEngine.cc:292] [0m[1;33mCannot initialize render engine since [0m[1;33mrender path type is NONE. Ignore this warning if[0m[1;33mrendering has been turned off on purpose.
[0m[1;32m[Msg] [0m[1;32mLoading world file [[0m[1;32m/usr/share/gazebo-11/worlds/empty.world[0m[1;32m][0m[1;32m
[0m[1;32m[0m[1;32m[0m[INFO] [1789996019.848469244] [gazebo_ros2_control]: Loading gazebo_ros2_control plugin
[INFO] [1789996019.867084136] [gazebo_ros2_control]: Starting gazebo_ros2_control plugin in namespace: /
[INFO] [1789996019.869296498] [gazebo_ros2_control]: Starting gazebo_ros2_control plugin in ros 2 node: gazebo_ros2_control
[INFO] [1789996019.902380196] [gazebo_ros2_control]: connected to service!! robot_state_publisher
[INFO] [1789996019.910673790] [gazebo_ros2_control]: Received urdf from param server, parsing...
[INFO] [1789996019.910889053] [gazebo_ros2_control]: Loading parameter files /home/mamingyuan/Desktop/ros2_control-humble/case_study/config/controllers_phaseA.yaml
[INFO] [1789996020.036743840] [gazebo_ros2_control]: Loading joint: left_wheel_joint
[INFO] [1789996020.036936267] [gazebo_ros2_control]: 	State:
[INFO] [1789996020.036980238] [gazebo_ros2_control]: 		 position
[INFO] [1789996020.037011859] [gazebo_ros2_control]: 		 velocity
[INFO] [1789996020.037037201] [gazebo_ros2_control]: 	Command:
[INFO] [1789996020.037099355] [gazebo_ros2_control]: 		 velocity
[INFO] [1789996020.037425256] [gazebo_ros2_control]: Loading joint: right_wheel_joint
[INFO] [1789996020.037467903] [gazebo_ros2_control]: 	State:
[INFO] [1789996020.037493179] [gazebo_ros2_control]: 		 position
[INFO] [1789996020.037518241] [gazebo_ros2_control]: 		 velocity
[INFO] [1789996020.037541711] [gazebo_ros2_control]: 	Command:
[INFO] [1789996020.037579168] [gazebo_ros2_control]: 		 velocity
[INFO] [1789996020.038519690] [resource_manager]: Initialize hardware 'DiffDriveSystem' 
[INFO] [1789996020.039117456] [resource_manager]: Successful initialization of hardware 'DiffDriveSystem'
[INFO] [1789996020.039598383] [resource_manager]: 'configure' hardware 'DiffDriveSystem' 
[INFO] [1789996020.039639165] [resource_manager]: Successful 'configure' of hardware 'DiffDriveSystem'
[INFO] [1789996020.039676546] [resource_manager]: 'activate' hardware 'DiffDriveSystem' 
[INFO] [1789996020.039696974] [resource_manager]: Successful 'activate' of hardware 'DiffDriveSystem'
[INFO] [1789996020.039865844] [gazebo_ros2_control]: Loading controller_manager
[WARN] [1789996020.154999207] [gazebo_ros2_control]:  Desired controller update period (0.005 s) is slower than the gazebo simulation period (0.001 s).
[INFO] [1789996020.156377125] [gazebo_ros2_control]: Loaded gazebo_ros2_control.
[INFO] [1789996026.737566881] [controller_manager]: Loading controller 'joint_state_broadcaster'
[INFO] [1789996026.902634050] [controller_manager]: Configuring controller 'joint_state_broadcaster'
[INFO] [1789996026.903192078] [joint_state_broadcaster]: 'joints' or 'interfaces' parameter is empty. All available state interfaces will be published
[INFO] [1789996029.697492009] [controller_manager]: Loading controller 'velocity_controller'
[INFO] [1789996029.925204138] [controller_manager]: Configuring controller 'velocity_controller'
[INFO] [1789996029.940371438] [velocity_controller]: configure successful
[INFO] [1789996029.965662395] [velocity_controller]: activate successful
