Gazebo multi-robot simulator, version 11.10.2
Copyright (C) 2012 Open Source Robotics Foundation.
Released under the Apache 2 License.
http://gazebosim.org

[1;33m[Wrn] [gazebo_ros_init.cpp:178] [0m[1;33m
#     # ####### ####### ###  #####  #######
##    # #     #    #     #  #     # #
# #   # #     #    #     #  #       #
#  #  # #     #    #     #  #       #####
#   # # #     #    #     #  #       #
#    ## #     #    #     #  #     # #
#     # #######    #    ###  #####  #######

This version of Gazebo, now called Gazebo classic, reaches end-of-life
in January 2025. Users are highly encouraged to migrate to the new Gazebo
using our migration guides (https://gazebosim.org/docs/latest/gazebo_classic_migration?utm_source=gazebo_ros_pkgs&utm_medium=cli)

[0m[1;33m
[0m[1;33m[0m[1;33m[0m[1;32m[Msg] [0m[1;32mWaiting for master.[0m[1;32m
[0m[1;32m[0m[1;32m[0m[1;32m[Msg] [0m[1;32mConnected to gazebo master @ [0m[1;32mhttp://127.0.0.1:11672[0m[1;32m
[0m[1;32m[0m[1;32m[0m[1;32m[Msg] [0m[1;32mPublicized address: [0m[1;32m192.168.243.130[0m[1;32m
[0m[1;32m[0m[1;32m[0m[1;31m[Err] [RenderEngine.cc:749] [0m[1;31mCan't open display: [0m[1;31m[0m[1;31m
[0m[1;33m[Wrn] [RenderEngine.cc:89] [0m[1;33mUnable to create X window. Rendering will be disabled
[0m[1;33m[Wrn] [RenderEngine.cc:292] [0m[1;33mCannot initialize render engine since [0m[1;33mrender path type is NONE. Ignore this warning if[0m[1;33mrendering has been turned off on purpose.
[0m[INFO] [1790005264.648341291] [gazebo_ros_state]: Publishing states of gazebo models at [/model_states]
[INFO] [1790005264.653165292] [gazebo_ros_state]: Publishing states of gazebo links at [/link_states]
[1;32m[Msg] [0m[1;32mLoading world file [[0m[1;32m/home/mamingyuan/Desktop/ros2_control-humble/case_study/world/case_study.world[0m[1;32m][0m[1;32m
[0m[1;32m[0m[1;32m[0m[INFO] [1790005276.826709551] [gazebo_ros2_control]: Loading gazebo_ros2_control plugin
[INFO] [1790005276.876678215] [gazebo_ros2_control]: Starting gazebo_ros2_control plugin in namespace: /
[INFO] [1790005276.877452454] [gazebo_ros2_control]: Starting gazebo_ros2_control plugin in ros 2 node: gazebo_ros2_control
[INFO] [1790005276.937730634] [gazebo_ros2_control]: connected to service!! robot_state_publisher
[INFO] [1790005276.957493873] [gazebo_ros2_control]: Received urdf from param server, parsing...
[INFO] [1790005276.970541249] [gazebo_ros2_control]: Loading parameter files /home/mamingyuan/Desktop/ros2_control-humble/case_study/logs/run_50hz_two-pass/controllers.yaml
[INFO] [1790005277.071006136] [gazebo_ros2_control]: Loading joint: left_wheel_joint
[INFO] [1790005277.071247319] [gazebo_ros2_control]: 	State:
[INFO] [1790005277.071292773] [gazebo_ros2_control]: 		 position
[INFO] [1790005277.071395360] [gazebo_ros2_control]: 		 velocity
[INFO] [1790005277.071427169] [gazebo_ros2_control]: 	Command:
[INFO] [1790005277.077350314] [gazebo_ros2_control]: 		 velocity
[INFO] [1790005277.077900632] [gazebo_ros2_control]: Loading joint: right_wheel_joint
[INFO] [1790005277.077958608] [gazebo_ros2_control]: 	State:
[INFO] [1790005277.077993023] [gazebo_ros2_control]: 		 position
[INFO] [1790005277.078021798] [gazebo_ros2_control]: 		 velocity
[INFO] [1790005277.078047028] [gazebo_ros2_control]: 	Command:
[INFO] [1790005277.078106768] [gazebo_ros2_control]: 		 velocity
[INFO] [1790005277.078585398] [resource_manager]: Initialize hardware 'DiffDriveSystem' 
[INFO] [1790005277.080658627] [resource_manager]: Successful initialization of hardware 'DiffDriveSystem'
[INFO] [1790005277.086365225] [resource_manager]: 'configure' hardware 'DiffDriveSystem' 
[INFO] [1790005277.086517515] [resource_manager]: Successful 'configure' of hardware 'DiffDriveSystem'
[INFO] [1790005277.086577445] [resource_manager]: 'activate' hardware 'DiffDriveSystem' 
[INFO] [1790005277.086599393] [resource_manager]: Successful 'activate' of hardware 'DiffDriveSystem'
[INFO] [1790005277.086797383] [gazebo_ros2_control]: Loading controller_manager
[INFO] [1790005277.182708270] [controller_manager]: Two-phase execution requested by parameter: enabled
[WARN] [1790005277.264758648] [gazebo_ros2_control]:  Desired controller update period (0.02 s) is slower than the gazebo simulation period (0.001 s).
[INFO] [1790005277.266585589] [gazebo_ros2_control]: Loaded gazebo_ros2_control.
[INFO] [1790005284.399712784] [controller_manager]: Loading controller 'joint_state_broadcaster'
[INFO] [1790005284.693330320] [controller_manager]: Configuring controller 'joint_state_broadcaster'
[INFO] [1790005284.694389705] [joint_state_broadcaster]: 'joints' or 'interfaces' parameter is empty. All available state interfaces will be published
[INFO] [1790005291.028353376] [controller_manager]: Loading controller 'wheel_left'
[INFO] [1790005291.292885875] [controller_manager]: Configuring controller 'wheel_left'
[INFO] [1790005295.204866800] [controller_manager]: Loading controller 'wheel_right'
[INFO] [1790005295.426229064] [controller_manager]: Configuring controller 'wheel_right'
[INFO] [1790005298.830127552] [controller_manager]: Loading controller 'chassis'
[INFO] [1790005299.093772692] [controller_manager]: Configuring controller 'chassis'
[INFO] [1790005344.077094878] [rclcpp]: signal_handler(SIGINT/SIGTERM)
[INFO] [1790005344.077532146] [controller_manager]: Shutdown request received....
[INFO] [1790005344.083855041] [controller_manager]: Shutting down all controllers in the controller manager.
[INFO] [1790005344.087221221] [controller_manager]: Deactivating controller 'joint_state_broadcaster'
[INFO] [1790005344.087413584] [controller_manager]: Shutting down controller 'joint_state_broadcaster'
[INFO] [1790005344.087605246] [controller_manager]: Deactivating controller 'chassis'
[INFO] [1790005344.087675979] [controller_manager]: Shutting down controller 'chassis'
[INFO] [1790005344.087728395] [controller_manager]: Deactivating controller 'wheel_left'
[INFO] [1790005344.087787014] [controller_manager]: Shutting down controller 'wheel_left'
[INFO] [1790005344.087835746] [controller_manager]: Deactivating controller 'wheel_right'
[INFO] [1790005344.087888686] [controller_manager]: Shutting down controller 'wheel_right'
[INFO] [1790005344.088042755] [resource_manager]: 'deactivate' hardware 'DiffDriveSystem' 
[INFO] [1790005344.088089670] [resource_manager]: Successful 'deactivate' of hardware 'DiffDriveSystem'
[INFO] [1790005344.088112303] [resource_manager]: 'shutdown' hardware 'DiffDriveSystem' 
[INFO] [1790005344.088130249] [resource_manager]: Successful 'shutdown' of hardware 'DiffDriveSystem'
[INFO] [1790005344.088146925] [controller_manager]: Shutting down the controller manager.
corrupted size vs. prev_size
