Gazebo multi-robot simulator, version 11.10.2
Copyright (C) 2012 Open Source Robotics Foundation.
Released under the Apache 2 License.
http://gazebosim.org

[1;33m[Wrn] [gazebo_ros_init.cpp:178] [0m[1;33m
#     # ####### ####### ###  #####  #######
##    # #     #    #     #  #     # #
# #   # #     #    #     #  #       #
#  #  # #     #    #     #  #       #####
#   # # #     #    #     #  #       #
#    ## #     #    #     #  #     # #
#     # #######    #    ###  #####  #######

This version of Gazebo, now called Gazebo classic, reaches end-of-life
in January 2025. Users are highly encouraged to migrate to the new Gazebo
using our migration guides (https://gazebosim.org/docs/latest/gazebo_classic_migration?utm_source=gazebo_ros_pkgs&utm_medium=cli)

[0m[1;33m
[0m[1;33m[0m[1;33m[0m[1;32m[Msg] [0m[1;32mWaiting for master.[0m[1;32m
[0m[1;32m[0m[1;32m[0m[1;32m[Msg] [0m[1;32mConnected to gazebo master @ [0m[1;32mhttp://127.0.0.1:11522[0m[1;32m
[0m[1;32m[0m[1;32m[0m[1;32m[Msg] [0m[1;32mPublicized address: [0m[1;32m192.168.243.130[0m[1;32m
[0m[1;32m[0m[1;32m[0m[1;31m[Err] [RenderEngine.cc:749] [0m[1;31mCan't open display: [0m[1;31m[0m[1;31m
[0m[1;33m[Wrn] [RenderEngine.cc:89] [0m[1;33mUnable to create X window. Rendering will be disabled
[0m[1;33m[Wrn] [RenderEngine.cc:292] [0m[1;33mCannot initialize render engine since [0m[1;33mrender path type is NONE. Ignore this warning if[0m[1;33mrendering has been turned off on purpose.
[0m[INFO] [1790005174.395183290] [gazebo_ros_state]: Publishing states of gazebo models at [/model_states]
[INFO] [1790005174.406644627] [gazebo_ros_state]: Publishing states of gazebo links at [/link_states]
[1;32m[Msg] [0m[1;32mLoading world file [[0m[1;32m/home/mamingyuan/Desktop/ros2_control-humble/case_study/world/case_study.world[0m[1;32m][0m[1;32m
[0m[1;32m[0m[1;32m[0m[INFO] [1790005186.170403240] [gazebo_ros2_control]: Loading gazebo_ros2_control plugin
[INFO] [1790005186.237738596] [gazebo_ros2_control]: Starting gazebo_ros2_control plugin in namespace: /
[INFO] [1790005186.239737434] [gazebo_ros2_control]: Starting gazebo_ros2_control plugin in ros 2 node: gazebo_ros2_control
[INFO] [1790005186.278670776] [gazebo_ros2_control]: connected to service!! robot_state_publisher
[INFO] [1790005186.286897582] [gazebo_ros2_control]: Received urdf from param server, parsing...
[INFO] [1790005186.287184778] [gazebo_ros2_control]: Loading parameter files /home/mamingyuan/Desktop/ros2_control-humble/case_study/logs/run_50hz_single-pass/controllers.yaml
[INFO] [1790005186.363876087] [gazebo_ros2_control]: Loading joint: left_wheel_joint
[INFO] [1790005186.365654124] [gazebo_ros2_control]: 	State:
[INFO] [1790005186.365733541] [gazebo_ros2_control]: 		 position
[INFO] [1790005186.365768870] [gazebo_ros2_control]: 		 velocity
[INFO] [1790005186.365795226] [gazebo_ros2_control]: 	Command:
[INFO] [1790005186.365861126] [gazebo_ros2_control]: 		 velocity
[INFO] [1790005186.370938968] [gazebo_ros2_control]: Loading joint: right_wheel_joint
[INFO] [1790005186.371432884] [gazebo_ros2_control]: 	State:
[INFO] [1790005186.371469940] [gazebo_ros2_control]: 		 position
[INFO] [1790005186.371499006] [gazebo_ros2_control]: 		 velocity
[INFO] [1790005186.371524971] [gazebo_ros2_control]: 	Command:
[INFO] [1790005186.371580323] [gazebo_ros2_control]: 		 velocity
[INFO] [1790005186.373763620] [resource_manager]: Initialize hardware 'DiffDriveSystem' 
[INFO] [1790005186.374196472] [resource_manager]: Successful initialization of hardware 'DiffDriveSystem'
[INFO] [1790005186.374701658] [resource_manager]: 'configure' hardware 'DiffDriveSystem' 
[INFO] [1790005186.374747789] [resource_manager]: Successful 'configure' of hardware 'DiffDriveSystem'
[INFO] [1790005186.374791112] [resource_manager]: 'activate' hardware 'DiffDriveSystem' 
[INFO] [1790005186.374812030] [resource_manager]: Successful 'activate' of hardware 'DiffDriveSystem'
[INFO] [1790005186.375004913] [gazebo_ros2_control]: Loading controller_manager
[INFO] [1790005186.436868471] [controller_manager]: Two-phase execution requested by parameter: disabled
[WARN] [1790005186.518887830] [gazebo_ros2_control]:  Desired controller update period (0.02 s) is slower than the gazebo simulation period (0.001 s).
[INFO] [1790005186.519780414] [gazebo_ros2_control]: Loaded gazebo_ros2_control.
[INFO] [1790005194.620334238] [controller_manager]: Loading controller 'joint_state_broadcaster'
[INFO] [1790005194.918140238] [controller_manager]: Configuring controller 'joint_state_broadcaster'
[INFO] [1790005194.922429610] [joint_state_broadcaster]: 'joints' or 'interfaces' parameter is empty. All available state interfaces will be published
[INFO] [1790005200.725549557] [controller_manager]: Loading controller 'wheel_left'
[INFO] [1790005200.877567956] [controller_manager]: Configuring controller 'wheel_left'
[INFO] [1790005206.486295885] [controller_manager]: Loading controller 'wheel_right'
[INFO] [1790005206.611494824] [controller_manager]: Configuring controller 'wheel_right'
[INFO] [1790005209.846559090] [controller_manager]: Loading controller 'chassis'
[INFO] [1790005210.075013468] [controller_manager]: Configuring controller 'chassis'
[INFO] [1790005253.799621893] [rclcpp]: signal_handler(SIGINT/SIGTERM)
[INFO] [1790005253.799919990] [controller_manager]: Shutdown request received....
[INFO] [1790005253.800172599] [controller_manager]: Shutting down all controllers in the controller manager.
[INFO] [1790005253.800257083] [controller_manager]: Deactivating controller 'joint_state_broadcaster'
[INFO] [1790005253.800371222] [controller_manager]: Shutting down controller 'joint_state_broadcaster'
[INFO] [1790005253.800506508] [controller_manager]: Deactivating controller 'chassis'
[INFO] [1790005253.800567097] [controller_manager]: Shutting down controller 'chassis'
[INFO] [1790005253.800615307] [controller_manager]: Deactivating controller 'wheel_left'
[INFO] [1790005253.800669738] [controller_manager]: Shutting down controller 'wheel_left'
[INFO] [1790005253.800716629] [controller_manager]: Deactivating controller 'wheel_right'
[INFO] [1790005253.808333944] [controller_manager]: Shutting down controller 'wheel_right'
[INFO] [1790005253.808599954] [resource_manager]: 'deactivate' hardware 'DiffDriveSystem' 
[INFO] [1790005253.808661935] [resource_manager]: Successful 'deactivate' of hardware 'DiffDriveSystem'
[INFO] [1790005253.808685176] [resource_manager]: 'shutdown' hardware 'DiffDriveSystem' 
[INFO] [1790005253.808703126] [resource_manager]: Successful 'shutdown' of hardware 'DiffDriveSystem'
[INFO] [1790005253.808720716] [controller_manager]: Shutting down the controller manager.
corrupted size vs. prev_size
